sgdm: 1 x 1024 compiled_bf16_sr
sgdm: 1 x 1024 triton_bf16_sr
sgdm: 1 x 1024 compiled_bf16_nr
sgdm: 1 x 1024 compiled_fp32
sgdm: 1 x 1024 triton_bf16_nr
sgdm: 1 x 1024 eager_fp32
sgdm: 1 x 1024 triton_fp32
sgdm: 1 x 1024 eager_bf16_nr
sgdm: 1 x 1024 eager_bf16_sr
sgdm: 1 x 1048576 triton_fp32
sgdm: 1 x 1048576 eager_bf16_nr
sgdm: 1 x 1048576 compiled_bf16_nr
sgdm: 1 x 1048576 triton_bf16_nr
sgdm: 1 x 1048576 triton_bf16_sr
sgdm: 1 x 1048576 compiled_fp32
sgdm: 1 x 1048576 compiled_bf16_sr
sgdm: 1 x 1048576 eager_fp32
sgdm: 1 x 1048576 eager_bf16_sr
sgdm: 1 x 16777216 compiled_fp32
sgdm: 1 x 16777216 triton_bf16_nr
sgdm: 1 x 16777216 eager_bf16_nr
sgdm: 1 x 16777216 compiled_bf16_sr
sgdm: 1 x 16777216 eager_fp32
sgdm: 1 x 16777216 triton_bf16_sr
sgdm: 1 x 16777216 eager_bf16_sr
sgdm: 1 x 16777216 compiled_bf16_nr
sgdm: 1 x 16777216 triton_fp32
